// Jest Snapshot v1, https://goo.gl/fbAQLP

exports[`RecipePageComponent should equal snapshot 1`] = `
<app-recipe-page
  recipeService={[Function RecipeApiService]}
  recipes$={[Function Observable]}
  selectedOptions={[Function Array]}
>
  
</app-recipe-page>
`;
